<?xml version="1.0" encoding="utf-8" ?>
<results>
	<result idSite="1">
		<nb_uniq_visitors>28</nb_uniq_visitors>
		<nb_visits>28</nb_visits>
		<nb_actions>31</nb_actions>
		<nb_visits_converted>26</nb_visits_converted>
		<bounce_count>26</bounce_count>
		<sum_visit_length>305</sum_visit_length>
		<max_actions>3</max_actions>
		<bounce_rate>93%</bounce_rate>
		<nb_actions_per_visit>1.1</nb_actions_per_visit>
		<avg_time_on_site>11</avg_time_on_site>
	</result>
	<result idSite="2" />
	<result idSite="3">
		<nb_uniq_visitors>3</nb_uniq_visitors>
		<nb_visits>3</nb_visits>
		<nb_actions>3</nb_actions>
		<nb_visits_converted>0</nb_visits_converted>
		<bounce_count>3</bounce_count>
		<sum_visit_length>0</sum_visit_length>
		<max_actions>1</max_actions>
		<bounce_rate>100%</bounce_rate>
		<nb_actions_per_visit>1</nb_actions_per_visit>
		<avg_time_on_site>0</avg_time_on_site>
	</result>
	<result idSite="4">
		<nb_uniq_visitors>2</nb_uniq_visitors>
		<nb_visits>2</nb_visits>
		<nb_actions>2</nb_actions>
		<nb_visits_converted>0</nb_visits_converted>
		<bounce_count>2</bounce_count>
		<sum_visit_length>0</sum_visit_length>
		<max_actions>1</max_actions>
		<bounce_rate>100%</bounce_rate>
		<nb_actions_per_visit>1</nb_actions_per_visit>
		<avg_time_on_site>0</avg_time_on_site>
	</result>
</results>