<?xml version="1.0" encoding="utf-8" ?>
<results>
	<result idSite="1">
		<nb_uniq_visitors>13</nb_uniq_visitors>
		<nb_visits>13</nb_visits>
		<nb_actions>16</nb_actions>
		<nb_visits_converted>12</nb_visits_converted>
		<bounce_count>11</bounce_count>
		<sum_visit_length>305</sum_visit_length>
		<max_actions>3</max_actions>
		<bounce_rate>85%</bounce_rate>
		<nb_actions_per_visit>1.2</nb_actions_per_visit>
		<avg_time_on_site>23</avg_time_on_site>
	</result>
	<result idSite="2" />
	<result idSite="3" />
	<result idSite="4">
		<nb_uniq_visitors>2</nb_uniq_visitors>
		<nb_visits>2</nb_visits>
		<nb_actions>2</nb_actions>
		<nb_visits_converted>0</nb_visits_converted>
		<bounce_count>2</bounce_count>
		<sum_visit_length>0</sum_visit_length>
		<max_actions>1</max_actions>
		<bounce_rate>100%</bounce_rate>
		<nb_actions_per_visit>1</nb_actions_per_visit>
		<avg_time_on_site>0</avg_time_on_site>
	</result>
</results>