<?xml version="1.0" encoding="utf-8" ?>
<results>
	<result idSite="1">
		<nb_uniq_visitors>30</nb_uniq_visitors>
		<nb_visits>30</nb_visits>
		<nb_actions>33</nb_actions>
		<nb_visits_converted>28</nb_visits_converted>
		<bounce_count>28</bounce_count>
		<sum_visit_length>305</sum_visit_length>
		<max_actions>3</max_actions>
		<bounce_rate>93%</bounce_rate>
		<nb_actions_per_visit>1.1</nb_actions_per_visit>
		<avg_time_on_site>10</avg_time_on_site>
	</result>
	<result idSite="2">
		<nb_uniq_visitors>1</nb_uniq_visitors>
		<nb_visits>1</nb_visits>
		<nb_actions>1</nb_actions>
		<nb_visits_converted>0</nb_visits_converted>
		<bounce_count>1</bounce_count>
		<sum_visit_length>0</sum_visit_length>
		<max_actions>1</max_actions>
		<bounce_rate>100%</bounce_rate>
		<nb_actions_per_visit>1</nb_actions_per_visit>
		<avg_time_on_site>0</avg_time_on_site>
	</result>
	<result idSite="3">
		<nb_uniq_visitors>7</nb_uniq_visitors>
		<nb_visits>7</nb_visits>
		<nb_actions>7</nb_actions>
		<nb_visits_converted>0</nb_visits_converted>
		<bounce_count>7</bounce_count>
		<sum_visit_length>0</sum_visit_length>
		<max_actions>1</max_actions>
		<bounce_rate>100%</bounce_rate>
		<nb_actions_per_visit>1</nb_actions_per_visit>
		<avg_time_on_site>0</avg_time_on_site>
	</result>
	<result idSite="4">
		<nb_uniq_visitors>6</nb_uniq_visitors>
		<nb_visits>6</nb_visits>
		<nb_actions>6</nb_actions>
		<nb_visits_converted>0</nb_visits_converted>
		<bounce_count>6</bounce_count>
		<sum_visit_length>0</sum_visit_length>
		<max_actions>1</max_actions>
		<bounce_rate>100%</bounce_rate>
		<nb_actions_per_visit>1</nb_actions_per_visit>
		<avg_time_on_site>0</avg_time_on_site>
	</result>
</results>